$# Creating journal file V:\Wei 
$# Zhao\PAAW\Model\FEM\mAEWing1\mAEWing1_FEM_V1\mAEWing1_FEM 
$# v1.1\mAEWing1_FEM_v1.1\mAEWing1FEMv1.1.db.jou at 24-Apr-15 12:01:41
uil_file_rebuild.start("C:\MSC.Software\Patran_x64\20122/template.db", @
"V:\Wei Zhao\PAAW\Model\FEM\mAEWing1\mAEWing1_FEM_V1\mAEWing1_FEM v1.1\mAE" // @
"Wing1_FEM_v1.1\mAEWing1FEMv1.1.db")
$# Synchronizing the User Data Manager
set_current_dir( "V:\Wei Zhao\PAAW\Model\FEM\mAEWing1\mAEWing1_FEM_V1\mAEW" // @
"ing1_FEM v1.1\mAEWing1_FEM_v1.1" )
$# The current working directory has been changed to the database location 
$# shown.                                                                     
$#                                                                            
$#                                   
nastran_input_import( "V:\Wei Zhao\PAAW\Model\FEM\mAEWing1\mAEWing1_FEM_V1" // @
"\mAEWing1_FEM v1.1\mAEWing1_FEM_v1.1\sol103_mAEWing1.bdf", "default_group",  @
11, [TRUE, TRUE, TRUE, TRUE, TRUE, TRUE, TRUE, TRUE, FALSE, TRUE, TRUE], [0,  @
0, 0, 0, 0, 0, 0, 0, 0, 0, 0], [0, 0, 0, 0, 0, 0, 0, 0, 0, 0, 0], [ @
-2000000000, -2000000000, -2000000000, -2000000000, -2000000000, -2000000000,  @
-2000000000, -2000000000, 0, 0, 0] )
$# Parsing input file...
$# Importing data...
$# 4 Coordinate Frames written to database.
$# 109 Nodes written to database.
$# 3 Materials written to database.
$# 103 Elements written to database.
$# 23 Property Sets written to database.
$# 51 MPCs written to database.
$# 22 Executive Control lines/comments written to database.
$# 5 Case Control lines/comments written to database.
$# 323 unrecognized Bulk Data lines/comments written to database.
$# 350 total unrecognized entities/comment lines written to database.
$# 1 Load Cases written to database.
$# Reading of MSC.Nastran input file completed.
ga_view_aa_set( -38.830143, -44.842781, -36.601418 )
ga_view_aa_set( 0., 0., 0. )
ga_view_aa_set( -67., 0., -34. )
gu_fit_view(  )
ga_view_aa_set( 0., 0., 0. )
ga_view_aa_set( 0., 0., -90. )
gu_fit_view(  )
gu_fit_view(  )
gu_fit_view(  )
gu_fit_view(  )
uil_imaging_bw_reverse(  )
ui_repaint_tree( TRUE )
uil_imaging_bw_reverse(  )
ui_repaint_tree( TRUE )
uil_imaging_bw_reverse(  )
ui_repaint_tree( TRUE )
uil_imaging_bw_reverse(  )
ui_repaint_tree( TRUE )
ga_view_aa_set( -67., 0., -34. )
gu_fit_view(  )
ga_view_center_set( 19.503101, -4.6284161 )
ga_view_center_set( 28.519516, -4.6284161 )
ga_view_center_set( 19.503101, -4.6284161 )
node_label( TRUE )
ga_view_center_set( -0.127576, 0.165121 )
ga_view_zoom_set( 13.125163 )
$# Flushing the User Data Manager
$# Journal file stopped recording at 24-Apr-15 12:36:55
